// Jest Snapshot v1, https://goo.gl/fbAQLP

exports[`renders correctly 1`] = `
<span
  className="filter_item"
  onClick={[Function]}
  style={
    Object {
      "backgroundColor": "#c3de9d",
    }
  }
>
  
</span>
`;
